Catalan.catalans_conjecture : ∀ (a b x y : Nat)
  (ha : @LT.lt.{0} Nat instLTNat (@OfNat.ofNat.{0} Nat (nat_lit 1) (instOfNatNat (nat_lit 1))) a)
  (hb : @LT.lt.{0} Nat instLTNat (@OfNat.ofNat.{0} Nat (nat_lit 1) (instOfNatNat (nat_lit 1))) b)
  (hx : @LT.lt.{0} Nat instLTNat (@OfNat.ofNat.{0} Nat (nat_lit 0) (instOfNatNat (nat_lit 0))) x)
  (hy : @LT.lt.{0} Nat instLTNat (@OfNat.ofNat.{0} Nat (nat_lit 0) (instOfNatNat (nat_lit 0))) y)
  (heq :
    @Eq.{1} Nat
      (@HSub.hSub.{0, 0, 0} Nat Nat Nat (@instHSub.{0} Nat instSubNat)
        (@HPow.hPow.{0, 0, 0} Nat Nat Nat
          (@instHPow.{0, 0} Nat Nat (@NPow.toPow.{0} Nat (@Monoid.toNPow.{0} Nat Nat.instMonoid))) x a)
        (@HPow.hPow.{0, 0, 0} Nat Nat Nat
          (@instHPow.{0, 0} Nat Nat (@NPow.toPow.{0} Nat (@Monoid.toNPow.{0} Nat Nat.instMonoid))) y b))
      (@OfNat.ofNat.{0} Nat (nat_lit 1) (instOfNatNat (nat_lit 1)))),
  And (@Eq.{1} Nat a (@OfNat.ofNat.{0} Nat (nat_lit 2) (instOfNatNat (nat_lit 2))))
    (And (@Eq.{1} Nat b (@OfNat.ofNat.{0} Nat (nat_lit 3) (instOfNatNat (nat_lit 3))))
      (And (@Eq.{1} Nat x (@OfNat.ofNat.{0} Nat (nat_lit 3) (instOfNatNat (nat_lit 3))))
        (@Eq.{1} Nat y (@OfNat.ofNat.{0} Nat (nat_lit 2) (instOfNatNat (nat_lit 2))))))
theorem Catalan.catalans_conjecture : ∀ (a b x y : Nat)
  (ha : @LT.lt.{0} Nat instLTNat (@OfNat.ofNat.{0} Nat (nat_lit 1) (instOfNatNat (nat_lit 1))) a)
  (hb : @LT.lt.{0} Nat instLTNat (@OfNat.ofNat.{0} Nat (nat_lit 1) (instOfNatNat (nat_lit 1))) b)
  (hx : @LT.lt.{0} Nat instLTNat (@OfNat.ofNat.{0} Nat (nat_lit 0) (instOfNatNat (nat_lit 0))) x)
  (hy : @LT.lt.{0} Nat instLTNat (@OfNat.ofNat.{0} Nat (nat_lit 0) (instOfNatNat (nat_lit 0))) y)
  (heq :
    @Eq.{1} Nat
      (@HSub.hSub.{0, 0, 0} Nat Nat Nat (@instHSub.{0} Nat instSubNat)
        (@HPow.hPow.{0, 0, 0} Nat Nat Nat
          (@instHPow.{0, 0} Nat Nat (@NPow.toPow.{0} Nat (@Monoid.toNPow.{0} Nat Nat.instMonoid))) x a)
        (@HPow.hPow.{0, 0, 0} Nat Nat Nat
          (@instHPow.{0, 0} Nat Nat (@NPow.toPow.{0} Nat (@Monoid.toNPow.{0} Nat Nat.instMonoid))) y b))
      (@OfNat.ofNat.{0} Nat (nat_lit 1) (instOfNatNat (nat_lit 1)))),
  And (@Eq.{1} Nat a (@OfNat.ofNat.{0} Nat (nat_lit 2) (instOfNatNat (nat_lit 2))))
    (And (@Eq.{1} Nat b (@OfNat.ofNat.{0} Nat (nat_lit 3) (instOfNatNat (nat_lit 3))))
      (And (@Eq.{1} Nat x (@OfNat.ofNat.{0} Nat (nat_lit 3) (instOfNatNat (nat_lit 3))))
        (@Eq.{1} Nat y (@OfNat.ofNat.{0} Nat (nat_lit 2) (instOfNatNat (nat_lit 2)))))) :=
fun (a b x y : Nat) (ha : @LT.lt.{0} Nat instLTNat (@OfNat.ofNat.{0} Nat (nat_lit 1) (instOfNatNat (nat_lit 1))) a)
    (hb : @LT.lt.{0} Nat instLTNat (@OfNat.ofNat.{0} Nat (nat_lit 1) (instOfNatNat (nat_lit 1))) b)
    (hx : @LT.lt.{0} Nat instLTNat (@OfNat.ofNat.{0} Nat (nat_lit 0) (instOfNatNat (nat_lit 0))) x)
    (hy : @LT.lt.{0} Nat instLTNat (@OfNat.ofNat.{0} Nat (nat_lit 0) (instOfNatNat (nat_lit 0))) y)
    (heq :
      @Eq.{1} Nat
        (@HSub.hSub.{0, 0, 0} Nat Nat Nat (@instHSub.{0} Nat instSubNat)
          (@HPow.hPow.{0, 0, 0} Nat Nat Nat
            (@instHPow.{0, 0} Nat Nat (@NPow.toPow.{0} Nat (@Monoid.toNPow.{0} Nat Nat.instMonoid))) x a)
          (@HPow.hPow.{0, 0, 0} Nat Nat Nat
            (@instHPow.{0, 0} Nat Nat (@NPow.toPow.{0} Nat (@Monoid.toNPow.{0} Nat Nat.instMonoid))) y b))
        (@OfNat.ofNat.{0} Nat (nat_lit 1) (instOfNatNat (nat_lit 1)))) =>
  Catalan.Thaine.natural_classification_of_prime Catalan.prime_exponent_classification a b x y ha hb hx hy heq
'Catalan.catalans_conjecture' depends on axioms: [propext, Classical.choice, Quot.sound]
