Running as unit: catalan-socket-probe.service; invocation ID: 50cf82114a5f4b29ae0e34f72de22db2
Press ^] three times within 1s to disconnect TTY.
{
  "mode": "blocked",
  "uid": 2000,
  "groups": [
    2000
  ],
  "results": {
    "AF_INET": {
      "created": true
    },
    "AF_UNIX": {
      "created": false,
      "errno": 97,
      "error": "[Errno 97] Address family not supported by protocol"
    }
  },
  "process_restrictions": [
    "NoNewPrivs:\t1",
    "Seccomp:\t2",
    "Seccomp_filters:\t2"
  ],
  "invocation_id": "50cf82114a5f4b29ae0e34f72de22db2"
}
PROBE_PASSED=blocked
Finished with result: success
Main processes terminated with: code=exited/status=0
Service runtime: 10.018s
CPU time consumed: 18ms
Memory peak: 5.0M
Memory swap peak: 0B
